// Jest Snapshot v1, https://goo.gl/fbAQLP

exports[`BookContainer renders properly 1`] = `
<Connect(BookDetail)
  match={
    Object {
      "params": Object {
        "bookId": "1",
      },
    }
  }
  store={
    Object {
      "clearActions": [Function],
      "dispatch": [Function],
      "getActions": [Function],
      "getState": [Function],
      "replaceReducer": [Function],
      "subscribe": [Function],
    }
  }
  token={null}
>
  <BookDetail
    back={[Function]}
    book={
      Object {
        "author": "서재원",
        "bookId": 1,
        "createdAt": "2019-05-15T07:18:14.000Z",
        "deletedAt": null,
        "message": "모던하군요",
        "ownerId": "7d26db27-168c-4c6a-bd9a-9e20677b60b8",
        "title": "모던 자바스크립트 입문",
        "updatedAt": "2019-06-07T22:56:50.000Z",
        "url": "http://www.kyobobook.co.kr/product/detailViewKor.laf?ejkGb=KOR&mallGb=KOR&barcode=9791160504439&orderClick=LET&Kc=",
      }
    }
    loading={false}
    match={
      Object {
        "params": Object {
          "bookId": "1",
        },
      }
    }
    pathname="/book/1"
    receiveBookThunk={[Function]}
    store={
      Object {
        "clearActions": [Function],
        "dispatch": [Function],
        "getActions": [Function],
        "getState": [Function],
        "replaceReducer": [Function],
        "subscribe": [Function],
      }
    }
  >
    <div
      style={
        Object {
          "marginBottom": 50,
          "marginLeft": 40,
          "marginRight": 40,
          "marginTop": 30,
        }
      }
    >
      <PageHeader
        backIcon={
          <Icon
            type="arrow-left"
          />
        }
        onBack={[Function]}
        subTitle="서재원"
        title={
          <div>
            <Icon
              type="book"
            />
             
            모던 자바스크립트 입문
          </div>
        }
      >
        <div
          className="ant-page-header"
        >
          <LocaleReceiver
            componentName="PageHeader"
          >
            <div
              className="ant-page-header-back"
            >
              <TransButton
                aria-label="Back"
                className="ant-page-header-back-button"
                onClick={[Function]}
              >
                <div
                  aria-label="Back"
                  className="ant-page-header-back-button"
                  onClick={[Function]}
                  onKeyDown={[Function]}
                  onKeyUp={[Function]}
                  role="button"
                  style={
                    Object {
                      "background": "transparent",
                      "border": 0,
                      "display": "inline-block",
                      "lineHeight": "inherit",
                      "padding": 0,
                    }
                  }
                  tabIndex={0}
                >
                  <Icon
                    type="arrow-left"
                  >
                    <LocaleReceiver
                      componentName="Icon"
                    >
                      <i
                        aria-label="icon: arrow-left"
                        className="anticon anticon-arrow-left"
                      >
                        <IconReact
                          className=""
                          type="arrow-left-o"
                        >
                          <svg
                            aria-hidden="true"
                            className=""
                            data-icon="arrow-left"
                            fill="currentColor"
                            focusable="false"
                            height="1em"
                            key="svg-arrow-left"
                            viewBox="64 64 896 896"
                            width="1em"
                          >
                            <path
                              d="M872 474H286.9l350.2-304c5.6-4.9 2.2-14-5.2-14h-88.5c-3.9 0-7.6 1.4-10.5 3.9L155 487.8a31.96 31.96 0 0 0 0 48.3L535.1 866c1.5 1.3 3.3 2 5.2 2h91.5c7.4 0 10.8-9.2 5.2-14L286.9 550H872c4.4 0 8-3.6 8-8v-60c0-4.4-3.6-8-8-8z"
                              key="svg-arrow-left-svg-0"
                            />
                          </svg>
                        </IconReact>
                      </i>
                    </LocaleReceiver>
                  </Icon>
                </div>
              </TransButton>
              <Divider
                type="vertical"
              >
                <div
                  className="ant-divider ant-divider-vertical"
                  role="separator"
                />
              </Divider>
            </div>
          </LocaleReceiver>
          <div
            className="ant-page-header-heading"
          >
            <span
              className="ant-page-header-heading-title"
            >
              <div>
                <Icon
                  type="book"
                >
                  <LocaleReceiver
                    componentName="Icon"
                  >
                    <i
                      aria-label="icon: book"
                      className="anticon anticon-book"
                    >
                      <IconReact
                        className=""
                        type="book-o"
                      >
                        <svg
                          aria-hidden="true"
                          className=""
                          data-icon="book"
                          fill="currentColor"
                          focusable="false"
                          height="1em"
                          key="svg-book"
                          viewBox="64 64 896 896"
                          width="1em"
                        >
                          <path
                            d="M832 64H192c-17.7 0-32 14.3-32 32v832c0 17.7 14.3 32 32 32h640c17.7 0 32-14.3 32-32V96c0-17.7-14.3-32-32-32zm-260 72h96v209.9L621.5 312 572 347.4V136zm220 752H232V136h280v296.9c0 3.3 1 6.6 3 9.3a15.9 15.9 0 0 0 22.3 3.7l83.8-59.9 81.4 59.4c2.7 2 6 3.1 9.4 3.1 8.8 0 16-7.2 16-16V136h64v752z"
                            key="svg-book-svg-0"
                          />
                        </svg>
                      </IconReact>
                    </i>
                  </LocaleReceiver>
                </Icon>
                 
                모던 자바스크립트 입문
              </div>
            </span>
            <span
              className="ant-page-header-heading-sub-title"
            >
              서재원
            </span>
          </div>
        </div>
      </PageHeader>
      <Descriptions
        bordered={true}
        column={
          Object {
            "lg": 3,
            "md": 3,
            "sm": 2,
            "xl": 3,
            "xs": 1,
            "xxl": 3,
          }
        }
        size="default"
        style={
          Object {
            "marginLeft": 20,
            "marginRight": 20,
            "marginTop": 30,
          }
        }
      >
        <div
          className="ant-descriptions ant-descriptions-bordered"
          style={
            Object {
              "marginLeft": 20,
              "marginRight": 20,
              "marginTop": 30,
            }
          }
        >
          <div
            className="ant-descriptions-view"
          >
            <table>
              <tbody>
                <tr
                  className="ant-descriptions-row"
                  key="0"
                >
                  <Col
                    bordered={true}
                    child={
                      <DescriptionsItem
                        label="Title"
                        prefixCls="ant-descriptions"
                      >
                        모던 자바스크립트 입문
                      </DescriptionsItem>
                    }
                    colon={true}
                    key="label-0"
                    layout="horizontal"
                    type="label"
                  >
                    <th
                      className="ant-descriptions-item-label ant-descriptions-item-colon"
                      key="label"
                    >
                      Title
                    </th>
                  </Col>
                  <Col
                    bordered={true}
                    child={
                      <DescriptionsItem
                        label="Title"
                        prefixCls="ant-descriptions"
                      >
                        모던 자바스크립트 입문
                      </DescriptionsItem>
                    }
                    colon={true}
                    key="content-0"
                    layout="horizontal"
                    type="content"
                  >
                    <td
                      className="ant-descriptions-item-content"
                      colSpan={1}
                      key="content"
                    >
                      모던 자바스크립트 입문
                    </td>
                  </Col>
                  <Col
                    bordered={true}
                    child={
                      <DescriptionsItem
                        label="Author"
                        prefixCls="ant-descriptions"
                      >
                        서재원
                      </DescriptionsItem>
                    }
                    colon={true}
                    key="label-1"
                    layout="horizontal"
                    type="label"
                  >
                    <th
                      className="ant-descriptions-item-label ant-descriptions-item-colon"
                      key="label"
                    >
                      Author
                    </th>
                  </Col>
                  <Col
                    bordered={true}
                    child={
                      <DescriptionsItem
                        label="Author"
                        prefixCls="ant-descriptions"
                      >
                        서재원
                      </DescriptionsItem>
                    }
                    colon={true}
                    key="content-1"
                    layout="horizontal"
                    type="content"
                  >
                    <td
                      className="ant-descriptions-item-content"
                      colSpan={1}
                      key="content"
                    >
                      서재원
                    </td>
                  </Col>
                  <Col
                    bordered={true}
                    child={
                      <DescriptionsItem
                        label="Created At"
                        prefixCls="ant-descriptions"
                      >
                        2019-05-15T07:18:14.000Z
                      </DescriptionsItem>
                    }
                    colon={true}
                    key="label-2"
                    layout="horizontal"
                    type="label"
                  >
                    <th
                      className="ant-descriptions-item-label ant-descriptions-item-colon"
                      key="label"
                    >
                      Created At
                    </th>
                  </Col>
                  <Col
                    bordered={true}
                    child={
                      <DescriptionsItem
                        label="Created At"
                        prefixCls="ant-descriptions"
                      >
                        2019-05-15T07:18:14.000Z
                      </DescriptionsItem>
                    }
                    colon={true}
                    key="content-2"
                    layout="horizontal"
                    type="content"
                  >
                    <td
                      className="ant-descriptions-item-content"
                      colSpan={1}
                      key="content"
                    >
                      2019-05-15T07:18:14.000Z
                    </td>
                  </Col>
                </tr>
                <tr
                  className="ant-descriptions-row"
                  key="1"
                >
                  <Col
                    bordered={true}
                    child={
                      <DescriptionsItem
                        label="Comment"
                        prefixCls="ant-descriptions"
                      >
                        모던하군요
                      </DescriptionsItem>
                    }
                    colon={true}
                    key="label-0"
                    layout="horizontal"
                    type="label"
                  >
                    <th
                      className="ant-descriptions-item-label ant-descriptions-item-colon"
                      key="label"
                    >
                      Comment
                    </th>
                  </Col>
                  <Col
                    bordered={true}
                    child={
                      <DescriptionsItem
                        label="Comment"
                        prefixCls="ant-descriptions"
                      >
                        모던하군요
                      </DescriptionsItem>
                    }
                    colon={true}
                    key="content-0"
                    layout="horizontal"
                    type="content"
                  >
                    <td
                      className="ant-descriptions-item-content"
                      colSpan={1}
                      key="content"
                    >
                      모던하군요
                    </td>
                  </Col>
                  <Col
                    bordered={true}
                    child={
                      <DescriptionsItem
                        label="Link"
                        prefixCls="ant-descriptions"
                        span={2}
                      >
                        <a
                          href="http://www.kyobobook.co.kr/product/detailViewKor.laf?ejkGb=KOR&mallGb=KOR&barcode=9791160504439&orderClick=LET&Kc="
                          rel="noopener noreferrer"
                          target="_BLANK"
                        >
                          http://www.kyobobook.co.kr/product/detailViewKor.laf?ejkGb=KOR&mallGb=KOR&barcode=9791160504439&orderClick=LET&Kc=
                        </a>
                      </DescriptionsItem>
                    }
                    colon={true}
                    key="label-1"
                    layout="horizontal"
                    type="label"
                  >
                    <th
                      className="ant-descriptions-item-label ant-descriptions-item-colon"
                      key="label"
                    >
                      Link
                    </th>
                  </Col>
                  <Col
                    bordered={true}
                    child={
                      <DescriptionsItem
                        label="Link"
                        prefixCls="ant-descriptions"
                        span={2}
                      >
                        <a
                          href="http://www.kyobobook.co.kr/product/detailViewKor.laf?ejkGb=KOR&mallGb=KOR&barcode=9791160504439&orderClick=LET&Kc="
                          rel="noopener noreferrer"
                          target="_BLANK"
                        >
                          http://www.kyobobook.co.kr/product/detailViewKor.laf?ejkGb=KOR&mallGb=KOR&barcode=9791160504439&orderClick=LET&Kc=
                        </a>
                      </DescriptionsItem>
                    }
                    colon={true}
                    key="content-1"
                    layout="horizontal"
                    type="content"
                  >
                    <td
                      className="ant-descriptions-item-content"
                      colSpan={3}
                      key="content"
                    >
                      <a
                        href="http://www.kyobobook.co.kr/product/detailViewKor.laf?ejkGb=KOR&mallGb=KOR&barcode=9791160504439&orderClick=LET&Kc="
                        rel="noopener noreferrer"
                        target="_BLANK"
                      >
                        http://www.kyobobook.co.kr/product/detailViewKor.laf?ejkGb=KOR&mallGb=KOR&barcode=9791160504439&orderClick=LET&Kc=
                      </a>
                    </td>
                  </Col>
                </tr>
              </tbody>
            </table>
          </div>
        </div>
      </Descriptions>
    </div>
  </BookDetail>
</Connect(BookDetail)>
`;
